Archive member included to satisfy reference by file (symbol)

libc.a(stdio.o)               hello.o (printf)
libc.a(start.o)               (_start)
libc.a(init.o)                libc.a(start.o) (__init)
libc.a(console.o)             libc.a(stdio.o) (Console::vprintf(char const*, char*))
libc.a(console_kernel.o)      libc.a(stdio.o) (vtable for Console_kernel)

Discarded input sections

 .group         0x00000000        0x8 hello.o
 .note.GNU-stack
                0x00000000        0x0 hello.o
 .eh_frame      0x00000000       0xd0 hello.o
 .group         0x00000000        0x8 libc.a(stdio.o)
 .group         0x00000000        0xc libc.a(stdio.o)
 .group         0x00000000        0x8 libc.a(stdio.o)
 .group         0x00000000        0x8 libc.a(stdio.o)
 .data          0x00000000        0x0 libc.a(stdio.o)
 .text.__x86.get_pc_thunk.bx
                0x00000000        0x4 libc.a(stdio.o)
 .note.GNU-stack
                0x00000000        0x0 libc.a(stdio.o)
 .eh_frame      0x00000000       0xe0 libc.a(stdio.o)
 .data          0x00000000        0x0 libc.a(start.o)
 .bss           0x00000000        0x0 libc.a(start.o)
 .note.GNU-stack
                0x00000000        0x0 libc.a(start.o)
 .group         0x00000000        0x8 libc.a(init.o)
 .data          0x00000000        0x0 libc.a(init.o)
 .bss           0x00000000        0x0 libc.a(init.o)
 .text.__x86.get_pc_thunk.bx
                0x00000000        0x4 libc.a(init.o)
 .note.GNU-stack
                0x00000000        0x0 libc.a(init.o)
 .eh_frame      0x00000000       0x58 libc.a(init.o)
 .group         0x00000000        0x8 libc.a(console.o)
 .group         0x00000000        0x8 libc.a(console.o)
 .group         0x00000000        0x8 libc.a(console.o)
 .data          0x00000000        0x0 libc.a(console.o)
 .bss           0x00000000        0x0 libc.a(console.o)
 .text.__x86.get_pc_thunk.ax
                0x00000000        0x4 libc.a(console.o)
 .note.GNU-stack
                0x00000000        0x0 libc.a(console.o)
 .eh_frame      0x00000000       0xfc libc.a(console.o)
 .group         0x00000000        0xc libc.a(console_kernel.o)
 .data          0x00000000        0x0 libc.a(console_kernel.o)
 .bss           0x00000000        0x0 libc.a(console_kernel.o)
 .note.GNU-stack
                0x00000000        0x0 libc.a(console_kernel.o)
 .eh_frame      0x00000000       0x58 libc.a(console_kernel.o)

Memory Configuration

Name             Origin             Length             Attributes
*default*        0x00000000         0xffffffff

Linker script and memory map

                0xc0000000                        stack_top = 0xc0000000
                0x00001000                        . = 0x1000
                0x00001074                        . = (. + SIZEOF_HEADERS)

.text           0x00001080      0x82e
 *(.text*)
 .text          0x00001080      0x13f hello.o
                0x00001080                memcpy
                0x000010a5                memset
                0x000010ba                strcmp
                0x000010da                syscall2
                0x000010f0                nbrk
                0x0000110b                main
 .text.__x86.get_pc_thunk.bx
                0x000011bf        0x4 hello.o
                0x000011bf                __x86.get_pc_thunk.bx
 .text          0x000011c3       0xeb libc.a(stdio.o)
                0x000011f9                panic
                0x0000122a                printf
                0x0000127f                puts
                0x000012a6                __cxa_pure_virtual
 .text._ZN8Spinlock4lockEv
                0x000012ae       0x19 libc.a(stdio.o)
                0x000012ae                Spinlock::lock()
 .text.__x86.get_pc_thunk.ax
                0x000012c7        0x4 libc.a(stdio.o)
                0x000012c7                __x86.get_pc_thunk.ax
 .text          0x000012cb       0x11 libc.a(start.o)
                0x000012cb                _start
 .text          0x000012dc       0x55 libc.a(init.o)
                0x000012dc                __init
 *fill*         0x00001331        0xf 
 .text          0x00001340      0x4a8 libc.a(console.o)
                0x00001340                Console::print_number(unsigned long long, unsigned int, unsigned int, unsigned int)
                0x00001514                Console::vprintf(char const*, char*)
 .text._ZN7Console9print_strEPKcjj
                0x000017e8       0x62 libc.a(console.o)
                0x000017e8                Console::print_str(char const*, unsigned int, unsigned int)
 .text.__x86.get_pc_thunk.di
                0x0000184a        0x4 libc.a(console.o)
                0x0000184a                __x86.get_pc_thunk.di
 *fill*         0x0000184e        0x2 
 .text          0x00001850       0x5e libc.a(console_kernel.o)
                0x00001878                Console_kernel::putc(int)

.iplt           0x000018ae        0x0
 .iplt          0x000018ae        0x0 hello.o

.eh_frame_hdr   0x000018b0        0x0
 .eh_frame_hdr  0x000018b0        0x0 hello.o

.rel.dyn        0x000018b0        0x0
 .rel.got       0x000018b0        0x0 hello.o
 .rel.iplt      0x000018b0        0x0 hello.o
 .rel.text      0x000018b0        0x0 hello.o
 .rel.data.rel.ro._ZTV7Console
                0x000018b0        0x0 hello.o

.init_array     0x000018b0      0x750
                0x000018b0                        PROVIDE (CTORS_L = .)
 *(.init_array.65534 .ctors.00001)
                0x000018b0                        PROVIDE (CTORS_G = .)
 *(.init_array.* .ctors.*)
 .init_array.00101
                0x000018b0        0x4 libc.a(stdio.o)
 *(.init_array .ctors)
                0x000018b4                        PROVIDE (CTORS_E = .)
                0x00002000                        . = ALIGN (0x1000)
 *fill*         0x000018b4      0x74c 
                0x00002000                        . = ALIGN (0x1000)

.data           0x00002000      0x1f8
                0x00002000        0x1 BYTE 0x42
 *(.rodata*)
 .rodata.str1.1
                0x00002001       0x44 hello.o
                                 0x2f (size before relaxing)
 *fill*         0x00002045        0x3 
 .rodata.str1.4
                0x00002048       0x39 hello.o
 .rodata.str1.1
                0x00002081        0x4 libc.a(stdio.o)
 .rodata.str1.1
                0x00002081       0x11 libc.a(console.o)
 *fill*         0x00002081        0x3 
 .rodata        0x00002084      0x158 libc.a(console.o)
 *(.data*)
 .data          0x000021dc        0x4 hello.o
                0x000021dc                initialized_var
 .data.rel.ro._ZTV7Console
                0x000021e0        0xc libc.a(stdio.o)
                0x000021e0                vtable for Console
 .data.rel.ro.local._ZTV14Console_kernel
                0x000021ec        0xc libc.a(console_kernel.o)
                0x000021ec                vtable for Console_kernel

.got            0x000021f8        0x0
 .got           0x000021f8        0x0 hello.o

.got.plt        0x000021f8        0xc
 .got.plt       0x000021f8        0xc hello.o
                0x000021f8                _GLOBAL_OFFSET_TABLE_

.igot.plt       0x00002204        0x0
 .igot.plt      0x00002204        0x0 hello.o

.bss            0x00002220       0xb0
 *(.bss*)
 .bss           0x00002220        0x4 hello.o
                0x00002220                uninitialized_var
 *fill*         0x00002224       0x1c 
 .bss           0x00002240       0x90 libc.a(stdio.o)
                0x00002240                printf_lock
                0x00002260                console
                [!provide]                        PROVIDE (BSS_E = .)

.stab
 *(.stab)

.stabstr
 *(.stabstr)

.stab.excl
 *(.stab.excl)

.stab.exclstr
 *(.stab.exclstr)

.stab.index
 *(.stab.index)

.stab.indexstr
 *(.stab.indexstr)

.comment        0x00000000       0x26
 *(.comment)
 .comment       0x00000000       0x26 hello.o
                                 0x27 (size before relaxing)
 .comment       0x00000026       0x27 libc.a(stdio.o)
 .comment       0x00000026       0x27 libc.a(init.o)
 .comment       0x00000026       0x27 libc.a(console.o)
 .comment       0x00000026       0x27 libc.a(console_kernel.o)

.debug
 *(.debug)

.line
 *(.line)

.debug_srcinfo
 *(.debug_srcinfo)

.debug_sfnames
 *(.debug_sfnames)

.debug_aranges  0x00000000       0xd0
 *(.debug_aranges)
 .debug_aranges
                0x00000000       0x20 hello.o
 .debug_aranges
                0x00000020       0x28 libc.a(stdio.o)
 .debug_aranges
                0x00000048       0x20 libc.a(start.o)
 .debug_aranges
                0x00000068       0x20 libc.a(init.o)
 .debug_aranges
                0x00000088       0x28 libc.a(console.o)
 .debug_aranges
                0x000000b0       0x20 libc.a(console_kernel.o)

.debug_pubnames
 *(.debug_pubnames)

.debug_info     0x00000000     0x15fe
 *(.debug_info .gnu.linkonce.wi.*)
 .debug_info    0x00000000      0x349 hello.o
 .debug_info    0x00000349      0x7f7 libc.a(stdio.o)
 .debug_info    0x00000b40       0x24 libc.a(start.o)
 .debug_info    0x00000b64      0x160 libc.a(init.o)
 .debug_info    0x00000cc4      0x619 libc.a(console.o)
 .debug_info    0x000012dd      0x321 libc.a(console_kernel.o)

.debug_abbrev   0x00000000      0xadd
 *(.debug_abbrev)
 .debug_abbrev  0x00000000      0x14f hello.o
 .debug_abbrev  0x0000014f      0x405 libc.a(stdio.o)
 .debug_abbrev  0x00000554       0x14 libc.a(start.o)
 .debug_abbrev  0x00000568       0xeb libc.a(init.o)
 .debug_abbrev  0x00000653      0x27a libc.a(console.o)
 .debug_abbrev  0x000008cd      0x210 libc.a(console_kernel.o)

.debug_line     0x00000000      0x82e
 *(.debug_line .debug_line.* .debug_line_end)
 .debug_line    0x00000000      0x109 hello.o
 .debug_line    0x00000109      0x161 libc.a(stdio.o)
 .debug_line    0x0000026a       0x4a libc.a(start.o)
 .debug_line    0x000002b4       0xda libc.a(init.o)
 .debug_line    0x0000038e      0x3ed libc.a(console.o)
 .debug_line    0x0000077b       0xb3 libc.a(console_kernel.o)

.debug_frame
 *(.debug_frame)

.debug_str      0x00000000      0x722
 *(.debug_str)
 .debug_str     0x00000000      0x722 hello.o
                                0x190 (size before relaxing)
 .debug_str     0x00000722      0x57a libc.a(stdio.o)
 .debug_str     0x00000722       0x31 libc.a(start.o)
 .debug_str     0x00000722      0x189 libc.a(init.o)
 .debug_str     0x00000722      0x2ca libc.a(console.o)
 .debug_str     0x00000722      0x29e libc.a(console_kernel.o)

.debug_loc
 *(.debug_loc)

.debug_macinfo
 *(.debug_macinfo)

.debug_weaknames
 *(.debug_weaknames)

.debug_funcnames
 *(.debug_funcnames)

.debug_typenames
 *(.debug_typenames)

.debug_varnames
 *(.debug_varnames)

.debug_pubtypes
 *(.debug_pubtypes)

.debug_ranges
 *(.debug_ranges)

.debug_macro
 *(.debug_macro)

.debug_addr
 *(.debug_addr)

.gnu.attributes
 *(.gnu.attributes)

/DISCARD/
 *(.note.GNU-stack)
 *(.gnu_debuglink)
 *(.gnu.lto_*)
LOAD hello.o
LOAD libc.a
OUTPUT(hello elf32-i386)

.debug_loclists
                0x00000000      0x5c8
 .debug_loclists
                0x00000000       0x7d hello.o
 .debug_loclists
                0x0000007d       0xc0 libc.a(stdio.o)
 .debug_loclists
                0x0000013d       0x38 libc.a(init.o)
 .debug_loclists
                0x00000175      0x3ba libc.a(console.o)
 .debug_loclists
                0x0000052f       0x99 libc.a(console_kernel.o)

.debug_line_str
                0x00000000      0x113
 .debug_line_str
                0x00000000      0x113 hello.o
                                 0xa4 (size before relaxing)
 .debug_line_str
                0x00000113       0xd0 libc.a(stdio.o)
 .debug_line_str
                0x00000113       0x25 libc.a(start.o)
 .debug_line_str
                0x00000113       0x74 libc.a(init.o)
 .debug_line_str
                0x00000113       0xa6 libc.a(console.o)
 .debug_line_str
                0x00000113       0xc5 libc.a(console_kernel.o)

.debug_rnglists
                0x00000000       0x41
 .debug_rnglists
                0x00000000       0x1a libc.a(stdio.o)
 .debug_rnglists
                0x0000001a       0x27 libc.a(console.o)
