Archive member included to satisfy reference by file (symbol)

libc.a(stdio.o)               malloc_test.o (printf)
libc.a(start.o)               (_start)
libc.a(init.o)                libc.a(start.o) (__init)
libc.a(mem_alloc.o)           malloc_test.o (my_malloc)
libc.a(console.o)             libc.a(stdio.o) (Console::vprintf(char const*, char*))
libc.a(console_kernel.o)      libc.a(stdio.o) (vtable for Console_kernel)

Discarded input sections

 .group         0x00000000        0x8 malloc_test.o
 .data          0x00000000        0x0 malloc_test.o
 .bss           0x00000000        0x0 malloc_test.o
 .note.GNU-stack
                0x00000000        0x0 malloc_test.o
 .eh_frame      0x00000000       0xac malloc_test.o
 .group         0x00000000        0x8 libc.a(stdio.o)
 .group         0x00000000        0xc libc.a(stdio.o)
 .group         0x00000000        0x8 libc.a(stdio.o)
 .group         0x00000000        0x8 libc.a(stdio.o)
 .data          0x00000000        0x0 libc.a(stdio.o)
 .text.__x86.get_pc_thunk.bx
                0x00000000        0x4 libc.a(stdio.o)
 .note.GNU-stack
                0x00000000        0x0 libc.a(stdio.o)
 .eh_frame      0x00000000       0xe0 libc.a(stdio.o)
 .data          0x00000000        0x0 libc.a(start.o)
 .bss           0x00000000        0x0 libc.a(start.o)
 .note.GNU-stack
                0x00000000        0x0 libc.a(start.o)
 .group         0x00000000        0x8 libc.a(init.o)
 .data          0x00000000        0x0 libc.a(init.o)
 .bss           0x00000000        0x0 libc.a(init.o)
 .text.__x86.get_pc_thunk.bx
                0x00000000        0x4 libc.a(init.o)
 .note.GNU-stack
                0x00000000        0x0 libc.a(init.o)
 .eh_frame      0x00000000       0x58 libc.a(init.o)
 .group         0x00000000        0x8 libc.a(mem_alloc.o)
 .group         0x00000000        0x8 libc.a(mem_alloc.o)
 .group         0x00000000        0x8 libc.a(mem_alloc.o)
 .group         0x00000000        0x8 libc.a(mem_alloc.o)
 .data          0x00000000        0x0 libc.a(mem_alloc.o)
 .text.__x86.get_pc_thunk.ax
                0x00000000        0x4 libc.a(mem_alloc.o)
 .text.__x86.get_pc_thunk.bx
                0x00000000        0x4 libc.a(mem_alloc.o)
 .note.GNU-stack
                0x00000000        0x0 libc.a(mem_alloc.o)
 .eh_frame      0x00000000      0x108 libc.a(mem_alloc.o)
 .group         0x00000000        0x8 libc.a(console.o)
 .group         0x00000000        0x8 libc.a(console.o)
 .group         0x00000000        0x8 libc.a(console.o)
 .data          0x00000000        0x0 libc.a(console.o)
 .bss           0x00000000        0x0 libc.a(console.o)
 .text.__x86.get_pc_thunk.ax
                0x00000000        0x4 libc.a(console.o)
 .note.GNU-stack
                0x00000000        0x0 libc.a(console.o)
 .eh_frame      0x00000000       0xfc libc.a(console.o)
 .group         0x00000000        0xc libc.a(console_kernel.o)
 .data          0x00000000        0x0 libc.a(console_kernel.o)
 .bss           0x00000000        0x0 libc.a(console_kernel.o)
 .note.GNU-stack
                0x00000000        0x0 libc.a(console_kernel.o)
 .eh_frame      0x00000000       0x58 libc.a(console_kernel.o)

Memory Configuration

Name             Origin             Length             Attributes
*default*        0x00000000         0xffffffff

Linker script and memory map

                0xc0000000                        stack_top = 0xc0000000
                0x00001000                        . = 0x1000
                0x00001074                        . = (. + SIZEOF_HEADERS)

.text           0x00001080      0xb7e
 *(.text*)
 .text          0x00001080      0x252 malloc_test.o
                0x00001080                memcpy
                0x000010a5                memset
                0x000010ba                strcmp
                0x000010da                main
 .text.__x86.get_pc_thunk.bx
                0x000012d2        0x4 malloc_test.o
                0x000012d2                __x86.get_pc_thunk.bx
 .text          0x000012d6       0xeb libc.a(stdio.o)
                0x0000130c                panic
                0x0000133d                printf
                0x00001392                puts
                0x000013b9                __cxa_pure_virtual
 *fill*         0x000013c1        0x1 
 .text._ZN8Spinlock4lockEv
                0x000013c2       0x19 libc.a(stdio.o)
                0x000013c2                Spinlock::lock()
 .text.__x86.get_pc_thunk.ax
                0x000013db        0x4 libc.a(stdio.o)
                0x000013db                __x86.get_pc_thunk.ax
 .text          0x000013df       0x11 libc.a(start.o)
                0x000013df                _start
 .text          0x000013f0       0x55 libc.a(init.o)
                0x000013f0                __init
 .text          0x00001445      0x234 libc.a(mem_alloc.o)
                0x00001445                find_fitted_block_inf
                0x000014bd                connect_free_blocks
                0x00001529                my_malloc
                0x00001612                my_free
 .text.__x86.get_pc_thunk.cx
                0x00001679        0x4 libc.a(mem_alloc.o)
                0x00001679                __x86.get_pc_thunk.cx
 .text.__x86.get_pc_thunk.bp
                0x0000167d        0x4 libc.a(mem_alloc.o)
                0x0000167d                __x86.get_pc_thunk.bp
 *fill*         0x00001681        0xf 
 .text          0x00001690      0x4a8 libc.a(console.o)
                0x00001690                Console::print_number(unsigned long long, unsigned int, unsigned int, unsigned int)
                0x00001864                Console::vprintf(char const*, char*)
 .text._ZN7Console9print_strEPKcjj
                0x00001b38       0x62 libc.a(console.o)
                0x00001b38                Console::print_str(char const*, unsigned int, unsigned int)
 .text.__x86.get_pc_thunk.di
                0x00001b9a        0x4 libc.a(console.o)
                0x00001b9a                __x86.get_pc_thunk.di
 *fill*         0x00001b9e        0x2 
 .text          0x00001ba0       0x5e libc.a(console_kernel.o)
                0x00001bc8                Console_kernel::putc(int)

.iplt           0x00001bfe        0x0
 .iplt          0x00001bfe        0x0 malloc_test.o

.eh_frame_hdr   0x00001c00        0x0
 .eh_frame_hdr  0x00001c00        0x0 malloc_test.o

.rel.dyn        0x00001c00        0x0
 .rel.got       0x00001c00        0x0 malloc_test.o
 .rel.iplt      0x00001c00        0x0 malloc_test.o
 .rel.text      0x00001c00        0x0 malloc_test.o
 .rel.data.rel.ro._ZTV7Console
                0x00001c00        0x0 malloc_test.o

.init_array     0x00001c00      0x400
                0x00001c00                        PROVIDE (CTORS_L = .)
 *(.init_array.65534 .ctors.00001)
                0x00001c00                        PROVIDE (CTORS_G = .)
 *(.init_array.* .ctors.*)
 .init_array.00101
                0x00001c00        0x4 libc.a(stdio.o)
 *(.init_array .ctors)
                0x00001c04                        PROVIDE (CTORS_E = .)
                0x00002000                        . = ALIGN (0x1000)
 *fill*         0x00001c04      0x3fc 
                0x00002000                        . = ALIGN (0x1000)

.data           0x00002000      0x190
                0x00002000        0x1 BYTE 0x42
 *(.rodata*)
 .rodata.str1.1
                0x00002001       0x1d malloc_test.o
                                  0x8 (size before relaxing)
 .rodata.str1.1
                0x0000201e        0x4 libc.a(stdio.o)
 .rodata.str1.1
                0x0000201e       0x11 libc.a(console.o)
 *fill*         0x0000201e        0x2 
 .rodata        0x00002020      0x158 libc.a(console.o)
 *(.data*)
 .data.rel.ro._ZTV7Console
                0x00002178        0xc libc.a(stdio.o)
                0x00002178                vtable for Console
 .data.rel.ro.local._ZTV14Console_kernel
                0x00002184        0xc libc.a(console_kernel.o)
                0x00002184                vtable for Console_kernel

.got            0x00002190        0x0
 .got           0x00002190        0x0 malloc_test.o

.got.plt        0x00002190        0xc
 .got.plt       0x00002190        0xc malloc_test.o
                0x00002190                _GLOBAL_OFFSET_TABLE_

.igot.plt       0x0000219c        0x0
 .igot.plt      0x0000219c        0x0 malloc_test.o

.bss            0x000021a0       0x9c
 *(.bss*)
 .bss           0x000021a0       0x90 libc.a(stdio.o)
                0x000021a0                printf_lock
                0x000021c0                console
 .bss           0x00002230        0xc libc.a(mem_alloc.o)
                0x00002230                min_break
                0x00002234                tail
                0x00002238                head
                [!provide]                        PROVIDE (BSS_E = .)

.stab
 *(.stab)

.stabstr
 *(.stabstr)

.stab.excl
 *(.stab.excl)

.stab.exclstr
 *(.stab.exclstr)

.stab.index
 *(.stab.index)

.stab.indexstr
 *(.stab.indexstr)

.comment        0x00000000       0x26
 *(.comment)
 .comment       0x00000000       0x26 malloc_test.o
                                 0x27 (size before relaxing)
 .comment       0x00000026       0x27 libc.a(stdio.o)
 .comment       0x00000026       0x27 libc.a(init.o)
 .comment       0x00000026       0x27 libc.a(mem_alloc.o)
 .comment       0x00000026       0x27 libc.a(console.o)
 .comment       0x00000026       0x27 libc.a(console_kernel.o)

.debug
 *(.debug)

.line
 *(.line)

.debug_srcinfo
 *(.debug_srcinfo)

.debug_sfnames
 *(.debug_sfnames)

.debug_aranges  0x00000000       0xf0
 *(.debug_aranges)
 .debug_aranges
                0x00000000       0x20 malloc_test.o
 .debug_aranges
                0x00000020       0x28 libc.a(stdio.o)
 .debug_aranges
                0x00000048       0x20 libc.a(start.o)
 .debug_aranges
                0x00000068       0x20 libc.a(init.o)
 .debug_aranges
                0x00000088       0x20 libc.a(mem_alloc.o)
 .debug_aranges
                0x000000a8       0x28 libc.a(console.o)
 .debug_aranges
                0x000000d0       0x20 libc.a(console_kernel.o)

.debug_pubnames
 *(.debug_pubnames)

.debug_info     0x00000000     0x1e2b
 *(.debug_info .gnu.linkonce.wi.*)
 .debug_info    0x00000000      0x78b malloc_test.o
 .debug_info    0x0000078b      0x7f7 libc.a(stdio.o)
 .debug_info    0x00000f82       0x24 libc.a(start.o)
 .debug_info    0x00000fa6      0x160 libc.a(init.o)
 .debug_info    0x00001106      0x3eb libc.a(mem_alloc.o)
 .debug_info    0x000014f1      0x619 libc.a(console.o)
 .debug_info    0x00001b0a      0x321 libc.a(console_kernel.o)

.debug_abbrev   0x00000000      0xcdd
 *(.debug_abbrev)
 .debug_abbrev  0x00000000      0x192 malloc_test.o
 .debug_abbrev  0x00000192      0x405 libc.a(stdio.o)
 .debug_abbrev  0x00000597       0x14 libc.a(start.o)
 .debug_abbrev  0x000005ab       0xeb libc.a(init.o)
 .debug_abbrev  0x00000696      0x1bd libc.a(mem_alloc.o)
 .debug_abbrev  0x00000853      0x27a libc.a(console.o)
 .debug_abbrev  0x00000acd      0x210 libc.a(console_kernel.o)

.debug_line     0x00000000      0xc7e
 *(.debug_line .debug_line.* .debug_line_end)
 .debug_line    0x00000000      0x243 malloc_test.o
 .debug_line    0x00000243      0x161 libc.a(stdio.o)
 .debug_line    0x000003a4       0x4a libc.a(start.o)
 .debug_line    0x000003ee       0xda libc.a(init.o)
 .debug_line    0x000004c8      0x316 libc.a(mem_alloc.o)
 .debug_line    0x000007de      0x3ed libc.a(console.o)
 .debug_line    0x00000bcb       0xb3 libc.a(console_kernel.o)

.debug_frame
 *(.debug_frame)

.debug_str      0x00000000      0x7cc
 *(.debug_str)
 .debug_str     0x00000000      0x7cc malloc_test.o
                                0x17a (size before relaxing)
 .debug_str     0x000007cc      0x57a libc.a(stdio.o)
 .debug_str     0x000007cc       0x31 libc.a(start.o)
 .debug_str     0x000007cc      0x189 libc.a(init.o)
 .debug_str     0x000007cc      0x1a6 libc.a(mem_alloc.o)
 .debug_str     0x000007cc      0x2ca libc.a(console.o)
 .debug_str     0x000007cc      0x29e libc.a(console_kernel.o)

.debug_loc
 *(.debug_loc)

.debug_macinfo
 *(.debug_macinfo)

.debug_weaknames
 *(.debug_weaknames)

.debug_funcnames
 *(.debug_funcnames)

.debug_typenames
 *(.debug_typenames)

.debug_varnames
 *(.debug_varnames)

.debug_pubtypes
 *(.debug_pubtypes)

.debug_ranges
 *(.debug_ranges)

.debug_macro
 *(.debug_macro)

.debug_addr
 *(.debug_addr)

.gnu.attributes
 *(.gnu.attributes)

/DISCARD/
 *(.note.GNU-stack)
 *(.gnu_debuglink)
 *(.gnu.lto_*)
LOAD malloc_test.o
LOAD libc.a
OUTPUT(malloc_test elf32-i386)

.debug_loclists
                0x00000000      0xa33
 .debug_loclists
                0x00000000      0x360 malloc_test.o
 .debug_loclists
                0x00000360       0xc0 libc.a(stdio.o)
 .debug_loclists
                0x00000420       0x38 libc.a(init.o)
 .debug_loclists
                0x00000458      0x188 libc.a(mem_alloc.o)
 .debug_loclists
                0x000005e0      0x3ba libc.a(console.o)
 .debug_loclists
                0x0000099a       0x99 libc.a(console_kernel.o)

.debug_line_str
                0x00000000      0x126
 .debug_line_str
                0x00000000      0x126 malloc_test.o
                                 0xb7 (size before relaxing)
 .debug_line_str
                0x00000126       0xd0 libc.a(stdio.o)
 .debug_line_str
                0x00000126       0x25 libc.a(start.o)
 .debug_line_str
                0x00000126       0x74 libc.a(init.o)
 .debug_line_str
                0x00000126       0x56 libc.a(mem_alloc.o)
 .debug_line_str
                0x00000126       0xa6 libc.a(console.o)
 .debug_line_str
                0x00000126       0xc5 libc.a(console_kernel.o)

.debug_rnglists
                0x00000000       0x54
 .debug_rnglists
                0x00000000       0x1a libc.a(stdio.o)
 .debug_rnglists
                0x0000001a       0x13 libc.a(mem_alloc.o)
 .debug_rnglists
                0x0000002d       0x27 libc.a(console.o)
