Archive member included to satisfy reference by file (symbol)

libc.a(start.o)               (_start)
libc.a(init.o)                libc.a(start.o) (__init)
libc.a(stdio.o)               libc.a(init.o) (console)
libc.a(console.o)             libc.a(stdio.o) (Console::vprintf(char const*, char*))
libc.a(console_kernel.o)      libc.a(stdio.o) (vtable for Console_kernel)

Discarded input sections

 .data          0x00000000        0x0 pagefault.o
 .bss           0x00000000        0x0 pagefault.o
 .note.GNU-stack
                0x00000000        0x0 pagefault.o
 .eh_frame      0x00000000       0x2c pagefault.o
 .data          0x00000000        0x0 libc.a(start.o)
 .bss           0x00000000        0x0 libc.a(start.o)
 .note.GNU-stack
                0x00000000        0x0 libc.a(start.o)
 .group         0x00000000        0x8 libc.a(init.o)
 .data          0x00000000        0x0 libc.a(init.o)
 .bss           0x00000000        0x0 libc.a(init.o)
 .note.GNU-stack
                0x00000000        0x0 libc.a(init.o)
 .eh_frame      0x00000000       0x58 libc.a(init.o)
 .group         0x00000000        0x8 libc.a(stdio.o)
 .group         0x00000000        0xc libc.a(stdio.o)
 .group         0x00000000        0x8 libc.a(stdio.o)
 .group         0x00000000        0x8 libc.a(stdio.o)
 .data          0x00000000        0x0 libc.a(stdio.o)
 .text.__x86.get_pc_thunk.bx
                0x00000000        0x4 libc.a(stdio.o)
 .note.GNU-stack
                0x00000000        0x0 libc.a(stdio.o)
 .eh_frame      0x00000000       0xe0 libc.a(stdio.o)
 .group         0x00000000        0x8 libc.a(console.o)
 .group         0x00000000        0x8 libc.a(console.o)
 .group         0x00000000        0x8 libc.a(console.o)
 .data          0x00000000        0x0 libc.a(console.o)
 .bss           0x00000000        0x0 libc.a(console.o)
 .text.__x86.get_pc_thunk.ax
                0x00000000        0x4 libc.a(console.o)
 .note.GNU-stack
                0x00000000        0x0 libc.a(console.o)
 .eh_frame      0x00000000       0xfc libc.a(console.o)
 .group         0x00000000        0xc libc.a(console_kernel.o)
 .data          0x00000000        0x0 libc.a(console_kernel.o)
 .bss           0x00000000        0x0 libc.a(console_kernel.o)
 .note.GNU-stack
                0x00000000        0x0 libc.a(console_kernel.o)
 .eh_frame      0x00000000       0x58 libc.a(console_kernel.o)

Memory Configuration

Name             Origin             Length             Attributes
*default*        0x00000000         0xffffffff

Linker script and memory map

                0xc0000000                        stack_top = 0xc0000000
                0x00001000                        . = 0x1000
                0x00001074                        . = (. + SIZEOF_HEADERS)

.text           0x00001080      0x6fe
 *(.text*)
 .text          0x00001080       0x10 pagefault.o
                0x00001080                main
 .text          0x00001090       0x11 libc.a(start.o)
                0x00001090                _start
 .text          0x000010a1       0x55 libc.a(init.o)
                0x000010a1                __init
 .text.__x86.get_pc_thunk.bx
                0x000010f6        0x4 libc.a(init.o)
                0x000010f6                __x86.get_pc_thunk.bx
 .text          0x000010fa       0xeb libc.a(stdio.o)
                0x00001130                panic
                0x00001161                printf
                0x000011b6                puts
                0x000011dd                __cxa_pure_virtual
 *fill*         0x000011e5        0x1 
 .text._ZN8Spinlock4lockEv
                0x000011e6       0x19 libc.a(stdio.o)
                0x000011e6                Spinlock::lock()
 .text.__x86.get_pc_thunk.ax
                0x000011ff        0x4 libc.a(stdio.o)
                0x000011ff                __x86.get_pc_thunk.ax
 *fill*         0x00001203        0xd 
 .text          0x00001210      0x4a8 libc.a(console.o)
                0x00001210                Console::print_number(unsigned long long, unsigned int, unsigned int, unsigned int)
                0x000013e4                Console::vprintf(char const*, char*)
 .text._ZN7Console9print_strEPKcjj
                0x000016b8       0x62 libc.a(console.o)
                0x000016b8                Console::print_str(char const*, unsigned int, unsigned int)
 .text.__x86.get_pc_thunk.di
                0x0000171a        0x4 libc.a(console.o)
                0x0000171a                __x86.get_pc_thunk.di
 *fill*         0x0000171e        0x2 
 .text          0x00001720       0x5e libc.a(console_kernel.o)
                0x00001748                Console_kernel::putc(int)

.iplt           0x0000177e        0x0
 .iplt          0x0000177e        0x0 pagefault.o

.eh_frame_hdr   0x00001780        0x0
 .eh_frame_hdr  0x00001780        0x0 pagefault.o

.rel.dyn        0x00001780        0x0
 .rel.got       0x00001780        0x0 pagefault.o
 .rel.iplt      0x00001780        0x0 pagefault.o
 .rel.text      0x00001780        0x0 pagefault.o
 .rel.data.rel.ro._ZTV7Console
                0x00001780        0x0 pagefault.o

.init_array     0x00001780      0x880
                0x00001780                        PROVIDE (CTORS_L = .)
 *(.init_array.65534 .ctors.00001)
                0x00001780                        PROVIDE (CTORS_G = .)
 *(.init_array.* .ctors.*)
 .init_array.00101
                0x00001780        0x4 libc.a(stdio.o)
 *(.init_array .ctors)
                0x00001784                        PROVIDE (CTORS_E = .)
                0x00002000                        . = ALIGN (0x1000)
 *fill*         0x00001784      0x87c 
                0x00002000                        . = ALIGN (0x1000)

.data           0x00002000      0x188
                0x00002000        0x1 BYTE 0x42
 *(.rodata*)
 .rodata.str1.1
                0x00002001       0x15 libc.a(stdio.o)
                                  0x4 (size before relaxing)
 .rodata.str1.1
                0x00002016       0x11 libc.a(console.o)
 *fill*         0x00002016        0x2 
 .rodata        0x00002018      0x158 libc.a(console.o)
 *(.data*)
 .data.rel.ro._ZTV7Console
                0x00002170        0xc libc.a(stdio.o)
                0x00002170                vtable for Console
 .data.rel.ro.local._ZTV14Console_kernel
                0x0000217c        0xc libc.a(console_kernel.o)
                0x0000217c                vtable for Console_kernel

.got            0x00002188        0x0
 .got           0x00002188        0x0 pagefault.o

.got.plt        0x00002188        0xc
 .got.plt       0x00002188        0xc pagefault.o
                0x00002188                _GLOBAL_OFFSET_TABLE_

.igot.plt       0x00002194        0x0
 .igot.plt      0x00002194        0x0 pagefault.o

.bss            0x000021a0       0x90
 *(.bss*)
 .bss           0x000021a0       0x90 libc.a(stdio.o)
                0x000021a0                printf_lock
                0x000021c0                console
                [!provide]                        PROVIDE (BSS_E = .)

.stab
 *(.stab)

.stabstr
 *(.stabstr)

.stab.excl
 *(.stab.excl)

.stab.exclstr
 *(.stab.exclstr)

.stab.index
 *(.stab.index)

.stab.indexstr
 *(.stab.indexstr)

.comment        0x00000000       0x26
 *(.comment)
 .comment       0x00000000       0x26 pagefault.o
                                 0x27 (size before relaxing)
 .comment       0x00000026       0x27 libc.a(init.o)
 .comment       0x00000026       0x27 libc.a(stdio.o)
 .comment       0x00000026       0x27 libc.a(console.o)
 .comment       0x00000026       0x27 libc.a(console_kernel.o)

.debug
 *(.debug)

.line
 *(.line)

.debug_srcinfo
 *(.debug_srcinfo)

.debug_sfnames
 *(.debug_sfnames)

.debug_aranges  0x00000000       0xd0
 *(.debug_aranges)
 .debug_aranges
                0x00000000       0x20 pagefault.o
 .debug_aranges
                0x00000020       0x20 libc.a(start.o)
 .debug_aranges
                0x00000040       0x20 libc.a(init.o)
 .debug_aranges
                0x00000060       0x28 libc.a(stdio.o)
 .debug_aranges
                0x00000088       0x28 libc.a(console.o)
 .debug_aranges
                0x000000b0       0x20 libc.a(console_kernel.o)

.debug_pubnames
 *(.debug_pubnames)

.debug_info     0x00000000     0x12f9
 *(.debug_info .gnu.linkonce.wi.*)
 .debug_info    0x00000000       0x44 pagefault.o
 .debug_info    0x00000044       0x24 libc.a(start.o)
 .debug_info    0x00000068      0x160 libc.a(init.o)
 .debug_info    0x000001c8      0x7f7 libc.a(stdio.o)
 .debug_info    0x000009bf      0x619 libc.a(console.o)
 .debug_info    0x00000fd8      0x321 libc.a(console_kernel.o)

.debug_abbrev   0x00000000      0x9c6
 *(.debug_abbrev)
 .debug_abbrev  0x00000000       0x38 pagefault.o
 .debug_abbrev  0x00000038       0x14 libc.a(start.o)
 .debug_abbrev  0x0000004c       0xeb libc.a(init.o)
 .debug_abbrev  0x00000137      0x405 libc.a(stdio.o)
 .debug_abbrev  0x0000053c      0x27a libc.a(console.o)
 .debug_abbrev  0x000007b6      0x210 libc.a(console_kernel.o)

.debug_line     0x00000000      0x779
 *(.debug_line .debug_line.* .debug_line_end)
 .debug_line    0x00000000       0x54 pagefault.o
 .debug_line    0x00000054       0x4a libc.a(start.o)
 .debug_line    0x0000009e       0xda libc.a(init.o)
 .debug_line    0x00000178      0x161 libc.a(stdio.o)
 .debug_line    0x000002d9      0x3ed libc.a(console.o)
 .debug_line    0x000006c6       0xb3 libc.a(console_kernel.o)

.debug_frame
 *(.debug_frame)

.debug_str      0x00000000      0x6c4
 *(.debug_str)
 .debug_str     0x00000000      0x6c4 pagefault.o
                                 0x8c (size before relaxing)
 .debug_str     0x000006c4       0x31 libc.a(start.o)
 .debug_str     0x000006c4      0x189 libc.a(init.o)
 .debug_str     0x000006c4      0x57a libc.a(stdio.o)
 .debug_str     0x000006c4      0x2ca libc.a(console.o)
 .debug_str     0x000006c4      0x29e libc.a(console_kernel.o)

.debug_loc
 *(.debug_loc)

.debug_macinfo
 *(.debug_macinfo)

.debug_weaknames
 *(.debug_weaknames)

.debug_funcnames
 *(.debug_funcnames)

.debug_typenames
 *(.debug_typenames)

.debug_varnames
 *(.debug_varnames)

.debug_pubtypes
 *(.debug_pubtypes)

.debug_ranges
 *(.debug_ranges)

.debug_macro
 *(.debug_macro)

.debug_addr
 *(.debug_addr)

.gnu.attributes
 *(.gnu.attributes)

/DISCARD/
 *(.note.GNU-stack)
 *(.gnu_debuglink)
 *(.gnu.lto_*)
LOAD pagefault.o
LOAD libc.a
OUTPUT(pagefault elf32-i386)

.debug_line_str
                0x00000000       0xfa
 .debug_line_str
                0x00000000       0xfa pagefault.o
                                 0x56 (size before relaxing)
 .debug_line_str
                0x000000fa       0x25 libc.a(start.o)
 .debug_line_str
                0x000000fa       0x74 libc.a(init.o)
 .debug_line_str
                0x000000fa       0xd0 libc.a(stdio.o)
 .debug_line_str
                0x000000fa       0xa6 libc.a(console.o)
 .debug_line_str
                0x000000fa       0xc5 libc.a(console_kernel.o)

.debug_loclists
                0x00000000      0x54b
 .debug_loclists
                0x00000000       0x38 libc.a(init.o)
 .debug_loclists
                0x00000038       0xc0 libc.a(stdio.o)
 .debug_loclists
                0x000000f8      0x3ba libc.a(console.o)
 .debug_loclists
                0x000004b2       0x99 libc.a(console_kernel.o)

.debug_rnglists
                0x00000000       0x41
 .debug_rnglists
                0x00000000       0x1a libc.a(stdio.o)
 .debug_rnglists
                0x0000001a       0x27 libc.a(console.o)
